Microchip MPLAB XC8 Compiler V2.40

Linker command line:

-W-3 \
  --edf=C:\Program Files\Microchip\xc8\v2.40\pic\dat\20220703182018_en.msgs \
  -cn -h+dist/default/production\assignment9.X.production.sym \
  --cmf=dist/default/production\assignment9.X.production.cmf -z -Q16F877A \
  -oC:\Users\destroy\AppData\Local\Temp\xcAsl8c.4 --defsym=__MPLAB_BUILD=1 \
  --fixupoverflow=error \
  -Mdist/default/production/assignment9.X.production.map \
  --md=C:\Users\destroy\AppData\Local\Temp\xcAsl8c.dat -E1 \
  -ver=XC8 Compiler --acfsm=1493 -ACODE=00h-07FFhx4 -ASTRCODE=00h-01FFFh \
  -ASTRING=00h-0FFhx32 -ACONST=00h-0FFhx32 -AENTRY=00h-0FFhx32 \
  -ACOMMON=070h-07Fh -ABANK0=020h-06Fh -ABANK1=0A0h-0EFh \
  -ABANK2=0110h-016Fh -ABANK3=0190h-01EFh \
  -ARAM=020h-06Fh,0A0h-0EFh,0110h-016Fh,0190h-01EFh \
  -AABS1=020h-07Fh,0A0h-0EFh,0110h-016Fh,0190h-01EFh -ASFR0=00h-01Fh \
  -ASFR1=080h-09Fh -ASFR2=0100h-010Fh -ASFR3=0180h-018Fh \
  -ACONFIG=02007h-02007h -DCONFIG=2 -AIDLOC=02000h-02003h -DIDLOC=2 \
  -AEEDATA=00h-0FFh/02100h -peeprom_data=EEDATA -DEEDATA=2 -DCODE=2 \
  -DSTRCODE=2 -DSTRING=2 -DCONST=2 -DENTRY=2 \
  -preset_vec=00h,intentry,init,end_init -ppowerup=CODE -pcinit=CODE \
  -pfunctab=ENTRY -k C:\Users\destroy\AppData\Local\Temp\xcAsl8c.o \
  dist/default/production\assignment9.X.production.o 

Object code version is 3.11

Machine type is 16F877A



                Name                               Link     Load   Length Selector   Space Scale
C:\Users\destroy\AppData\Local\Temp\xcAsl8c.o
                end_init                              0        0        3        0       0
                config                             2007     2007        1        0       4
dist/default/production\assignment9.X.production.o
                cinit                               7FC      7FC        4      FF8       0
                config                             2007     2007        1        0       4
                text12                              6CB      6CB       44      D96       0
                text11                              691      691       3A      D22       0
                text10                              5DF      5DF       25      BBE       0
                text9                               65B      65B       36      CB6       0
                text8                               62C      62C       2F      C58       0
                text7                               5BC      5BC       11      B78       0
                text6                               772      772       8A      EE4       0
                text5                               59C      59C        A      B38       0
                text4                               70F      70F       63      E1E       0
                text3                               5A6      5A6        B      B4C       0
                text2                               5B1      5B1        B      B62       0
                text1                               5CD      5CD       12      B9A       0
                maintext                            604      604       28      C08       0
                cstackBANK0                          20       20        9       20       1
                cstackCOMMON                         70       70        E       70       1
                strings                               3        3       30        6       0

TOTAL           Name                               Link     Load   Length     Space
        CLASS   CODE           
                end_init                              0        0        3         0
                cinit                               7FC      7FC        4         0
                text12                              6CB      6CB       44         0
                text11                              691      691       3A         0
                text10                              5DF      5DF       25         0
                text9                               65B      65B       36         0
                text8                               62C      62C       2F         0
                text7                               5BC      5BC       11         0
                text6                               772      772       8A         0
                text5                               59C      59C        A         0
                text4                               70F      70F       63         0
                text3                               5A6      5A6        B         0
                text2                               5B1      5B1        B         0
                text1                               5CD      5CD       12         0
                maintext                            604      604       28         0

        CLASS   STRCODE        

        CLASS   STRING         
                strings                               3        3       30         0

        CLASS   CONST          

        CLASS   ENTRY          

        CLASS   COMMON         
                cstackCOMMON                         70       70        E         1

        CLASS   BANK0          
                cstackBANK0                          20       20        9         1

        CLASS   BANK1          

        CLASS   BANK2          

        CLASS   BANK3          

        CLASS   RAM            

        CLASS   ABS1           
                abs_s1                               7E       7E        2         1

        CLASS   SFR0           

        CLASS   SFR1           

        CLASS   SFR2           

        CLASS   SFR3           

        CLASS   CONFIG         
                config                             2007     2007        1         4

        CLASS   IDLOC          

        CLASS   EEDATA         

        CLASS   STACK          



SEGMENTS        Name                           Load    Length   Top    Selector   Space  Class     Delta

                reset_vec                      000000  000003  000003         0       0  CODE        2
                strings                        000003  000030  000033         6       0  STRING      2
                cstackBANK0                    000020  000009  000029        20       1  BANK0       1
                cstackCOMMON                   000070  00000E  00007E        70       1  COMMON      1
                text5                          00059C  00000A  0005A6       B38       0  CODE        2
                text3                          0005A6  00000B  0005B1       B4C       0  CODE        2
                text2                          0005B1  00000B  0005BC       B62       0  CODE        2
                text7                          0005BC  000011  0005CD       B78       0  CODE        2
                text1                          0005CD  000012  0005DF       B9A       0  CODE        2
                text10                         0005DF  000025  000604       BBE       0  CODE        2
                maintext                       000604  000028  00062C       C08       0  CODE        2
                text8                          00062C  00002F  00065B       C58       0  CODE        2
                text9                          00065B  000036  000691       CB6       0  CODE        2
                text11                         000691  00003A  0006CB       D22       0  CODE        2
                text12                         0006CB  000044  00070F       D96       0  CODE        2
                text4                          00070F  000063  000772       E1E       0  CODE        2
                text6                          000772  00008A  0007FC       EE4       0  CODE        2
                cinit                          0007FC  000004  000800       FF8       0  CODE        2


UNUSED ADDRESS RANGES

        Name                Unused          Largest block    Delta
        BANK0            0029-006F             47           1
        BANK1            00A0-00EF             50           1
        BANK2            0110-016F             60           1
        BANK3            0190-01EF             60           1
        CODE             0033-059B            569           2
                         0800-1FFF            800
        CONST            0033-059B            100           2
                         0800-1FFF            100
        EEDATA           2100-21FF            100           2
        ENTRY            0033-059B            100           2
                         0800-1FFF            100
        IDLOC            2000-2003              4           2
        RAM              0029-006F             47           1
                         00A0-00EF             50
                         0110-016F             60
                         0190-01EF             60
        SFR0             0000-001F             20           1
        SFR1             0080-009F             20           1
        SFR2             0100-010F             10           1
        SFR3             0180-018F             10           1
        STRCODE          0033-059B            569           2
                         0800-1FFF           1800
        STRING           0033-059B            100           2
                         0800-1FFF            100

                                  Symbol Table

?___lwdiv                        cstackCOMMON 0076
?___lwmod                        cstackCOMMON 0070
?___wmul                         cstackCOMMON 0070
?_read_adc                       cstackCOMMON 0070
_ADFM                            (abs)        04FF
_ADON                            (abs)        00F8
_ADRESH                          (abs)        001E
_ADRESL                          (abs)        009E
_CHS0                            (abs)        00FB
_CHS1                            (abs)        00FC
_CHS2                            (abs)        00FD
_GO                              (abs)        00FA
_PORTD                           (abs)        0008
_RE1                             (abs)        0049
_RE2                             (abs)        004A
_TRISD                           (abs)        0088
_TRISE1                          (abs)        0449
_TRISE2                          (abs)        044A
__Habs1                          abs1         0000
__Hbank0                         bank0        0000
__Hbank1                         bank1        0000
__Hbank2                         bank2        0000
__Hbank3                         bank3        0000
__Hcinit                         cinit        0800
__Hclrtext                       clrtext      0000
__Hcode                          code         0000
__Hcommon                        common       0000
__Hconfig                        config       2008
__HcstackBANK0                   cstackBANK0  0000
__HcstackCOMMON                  cstackCOMMON 0000
__Heeprom_data                   eeprom_data  0000
__Hend_init                      end_init     0003
__Hfunctab                       functab      0000
__Hinit                          init         0000
__Hintentry                      intentry     0000
__Hmaintext                      maintext     0000
__Hpowerup                       powerup      0000
__Hram                           ram          0000
__Hreset_vec                     reset_vec    0000
__Hsfr0                          sfr0         0000
__Hsfr1                          sfr1         0000
__Hsfr2                          sfr2         0000
__Hsfr3                          sfr3         0000
__Hspace_0                       (abs)        0800
__Hspace_1                       (abs)        007E
__Hspace_2                       (abs)        0000
__Hspace_3                       (abs)        0000
__Hspace_4                       (abs)        400F
__Hstack                         stack        0000
__Hstrings                       strings      0000
__Htext                          text         0000
__Labs1                          abs1         0000
__Lbank0                         bank0        0000
__Lbank1                         bank1        0000
__Lbank2                         bank2        0000
__Lbank3                         bank3        0000
__Lcinit                         cinit        07FC
__Lclrtext                       clrtext      0000
__Lcode                          code         0000
__Lcommon                        common       0000
__Lconfig                        config       0000
__LcstackBANK0                   cstackBANK0  0000
__LcstackCOMMON                  cstackCOMMON 0000
__Leeprom_data                   eeprom_data  0000
__Lend_init                      end_init     0000
__Lfunctab                       functab      0000
__Linit                          init         0000
__Lintentry                      intentry     0000
__Lmaintext                      maintext     0000
__Lpowerup                       powerup      0000
__Lram                           ram          0000
__Lreset_vec                     reset_vec    0000
__Lsfr0                          sfr0         0000
__Lsfr1                          sfr1         0000
__Lsfr2                          sfr2         0000
__Lsfr3                          sfr3         0000
__Lspace_0                       (abs)        0000
__Lspace_1                       (abs)        0000
__Lspace_2                       (abs)        0000
__Lspace_3                       (abs)        0000
__Lspace_4                       (abs)        0000
__Lstack                         stack        0000
__Lstrings                       strings      0000
__Ltext                          text         0000
__S0                             (abs)        0800
__S1                             (abs)        007E
__S3                             (abs)        0000
___int_sp                        stack        0000
___latbits                       (abs)        0002
___lwdiv                         text12       06CB
___lwdiv@counter                 cstackCOMMON 007D
___lwdiv@dividend                cstackCOMMON 0078
___lwdiv@divisor                 cstackCOMMON 0076
___lwdiv@quotient                cstackCOMMON 007B
___lwmod                         text11       0691
___lwmod@counter                 cstackCOMMON 0075
___lwmod@dividend                cstackCOMMON 0072
___lwmod@divisor                 cstackCOMMON 0070
___sp                            stack        0000
___stackhi                       (abs)        0000
___stacklo                       (abs)        0000
___wmul                          text10       05DF
___wmul@multiplicand             cstackCOMMON 0072
___wmul@multiplier               cstackCOMMON 0070
___wmul@product                  cstackCOMMON 0074
__end_of___lwdiv                 text12       070F
__end_of___lwmod                 text11       06CB
__end_of___wmul                  text10       0604
__end_of__initialization         cinit        07FC
__end_of__stringtab              strings      0013
__end_of_clcd_print              text8        065B
__end_of_clcd_putch              text7        05CD
__end_of_clcd_write              text9        0691
__end_of_display                 text6        07FC
__end_of_init_adc                text5        05A6
__end_of_init_clcd               text3        05B1
__end_of_init_config             text2        05BC
__end_of_init_display_controller text4        0772
__end_of_main                    maintext     062C
__end_of_read_adc                text1        05DF
__initialization                 cinit        07FC
__pcstackBANK0                   cstackBANK0  0020
__pcstackCOMMON                  cstackCOMMON 0070
__pmaintext                      maintext     0604
__pstrings                       strings      0003
__ptext1                         text1        05CD
__ptext10                        text10       05DF
__ptext11                        text11       0691
__ptext12                        text12       06CB
__ptext2                         text2        05B1
__ptext3                         text3        05A6
__ptext4                         text4        070F
__ptext5                         text5        059C
__ptext6                         text6        0772
__ptext7                         text7        05BC
__ptext8                         text8        062C
__ptext9                         text9        065B
__stringbase                     strings      0012
__stringtab                      strings      0003
_clcd_print                      text8        062C
_clcd_putch                      text7        05BC
_clcd_write                      text9        065B
_display                         text6        0772
_init_adc                        text5        059C
_init_clcd                       text3        05A6
_init_config                     text2        05B1
_init_display_controller         text4        070F
_main                            maintext     0604
_nDONE                           (abs)        00FA
_read_adc                        text1        05CD
btemp                            (abs)        007E
clcd_print@addr                  cstackCOMMON 0076
clcd_print@str                   cstackCOMMON 0074
clcd_putch@addr                  cstackCOMMON 0074
clcd_putch@data                  cstackCOMMON 0075
clcd_write@byte                  cstackCOMMON 0073
clcd_write@mode                  cstackCOMMON 0070
display@adc_reg_val              cstackBANK0  0020
display@buff                     cstackBANK0  0022
display@i                        cstackBANK0  0025
end_of_initialization            cinit        07FC
intlevel0                        functab      0000
intlevel1                        functab      0000
intlevel2                        functab      0000
intlevel3                        functab      0000
intlevel4                        functab      0000
intlevel5                        functab      0000
main@adc_reg_val                 cstackBANK0  0027
read_adc@adc_reg_val             cstackCOMMON 0072
reset_vec                        reset_vec    0000
start                            init         0000
start_initialization             cinit        07FC
wtemp0                           (abs)        007E


MODULE INFORMATION

Module		Function		Class		Link	Load	Size
adc.c
		_init_adc      		CODE           	059C	0000	10
		_read_adc      		CODE           	05CD	0000	18

adc.c estimated size: 28

C:\Program Files\Microchip\xc8\v2.40\pic\sources\c90\common\Umul16.c
		___wmul        		CODE           	05DF	0000	37

C:\Program Files\Microchip\xc8\v2.40\pic\sources\c90\common\Umul16.c estimated size: 37

C:\Program Files\Microchip\xc8\v2.40\pic\sources\c90\common\lwmod.c
		___lwmod       		CODE           	0691	0000	58

C:\Program Files\Microchip\xc8\v2.40\pic\sources\c90\common\lwmod.c estimated size: 58

shared
		__stringtab    		STRING         	0003	0000	16
		__initialization		CODE           	07FC	0000	1

shared estimated size: 17

clcd.c
		_clcd_write    		CODE           	065B	0000	54
		_clcd_print    		CODE           	062C	0000	47
		_clcd_putch    		CODE           	05BC	0000	17
		_init_display_controller		CODE           	070F	0000	99
		_init_clcd     		CODE           	05A6	0000	11

clcd.c estimated size: 228

main.c
		_display       		CODE           	0772	0000	138
		_main          		CODE           	0604	0000	40
		_init_config   		CODE           	05B1	0000	11

main.c estimated size: 189

C:\Program Files\Microchip\xc8\v2.40\pic\sources\c90\common\lwdiv.c
		___lwdiv       		CODE           	06CB	0000	68

C:\Program Files\Microchip\xc8\v2.40\pic\sources\c90\common\lwdiv.c estimated size: 68

