Microchip MPLAB XC8 Compiler V2.40

Linker command line:

-W-3 \
  --edf=C:\Program Files\Microchip\xc8\v2.40\pic\dat\20220703182018_en.msgs \
  -cn -h+dist/default/production\assignment16.X.production.sym \
  --cmf=dist/default/production\assignment16.X.production.cmf -z -Q16F877A \
  -oC:\Users\destroy\AppData\Local\Temp\xcAsevc.4 --defsym=__MPLAB_BUILD=1 \
  --fixupoverflow=error \
  -Mdist/default/production/assignment16.X.production.map \
  --md=C:\Users\destroy\AppData\Local\Temp\xcAsevc.dat -E1 \
  -ver=XC8 Compiler --acfsm=1493 -ACODE=00h-07FFhx4 -ASTRCODE=00h-01FFFh \
  -ASTRING=00h-0FFhx32 -ACONST=00h-0FFhx32 -AENTRY=00h-0FFhx32 \
  -ACOMMON=070h-07Fh -ABANK0=020h-06Fh -ABANK1=0A0h-0EFh \
  -ABANK2=0110h-016Fh -ABANK3=0190h-01EFh \
  -ARAM=020h-06Fh,0A0h-0EFh,0110h-016Fh,0190h-01EFh \
  -AABS1=020h-07Fh,0A0h-0EFh,0110h-016Fh,0190h-01EFh -ASFR0=00h-01Fh \
  -ASFR1=080h-09Fh -ASFR2=0100h-010Fh -ASFR3=0180h-018Fh \
  -ACONFIG=02007h-02007h -DCONFIG=2 -AIDLOC=02000h-02003h -DIDLOC=2 \
  -AEEDATA=00h-0FFh/02100h -peeprom_data=EEDATA -DEEDATA=2 -DCODE=2 \
  -DSTRCODE=2 -DSTRING=2 -DCONST=2 -DENTRY=2 \
  -preset_vec=00h,intentry,init,end_init -ppowerup=CODE -pcinit=CODE \
  -pfunctab=ENTRY -k C:\Users\destroy\AppData\Local\Temp\xcAsevc.o \
  dist/default/production\assignment16.X.production.o 

Object code version is 3.11

Machine type is 16F877A



                Name                               Link     Load   Length Selector   Space Scale
C:\Users\destroy\AppData\Local\Temp\xcAsevc.o
                end_init                              0        0        3        0       0
                config                             2007     2007        1        0       4
dist/default/production\assignment16.X.production.o
                cinit                               7E2      7E2       1E      FC4       0
                config                             2007     2007        1        0       4
                text14                              578      578       36      AF0       0
                text13                              4F8      4F8       20      9F0       0
                text12                              48D      48D       11      91A       0
                text11                              46E      46E        9      8DC       0
                text10                              518      518       30      A30       0
                text9                               602      602       63      C04       0
                text8                               477      477        B      8EE       0
                text7                               665      665       66      CCA       0
                text6                               548      548       30      A90       0
                text5                               482      482        B      904       0
                text4                               4D9      4D9       1F      9B2       0
                text3                               49E      49E       1D      93C       0
                text2                               4BB      4BB       1E      976       0
                text1                               5AE      5AE       54      B5C       0
                maintext                            6CB      6CB      117      D96       0
                cstackBANK0                          20       20       2F       20       1
                cstackCOMMON                         70       70        E       70       1
                cstackBANK3                         190      190       5A      190       1
                clrtext                             466      466        8      8CC       0
                bssBANK2                            110      110       5A      110       1
                bssBANK1                             A0       A0       11       A0       1
                bssBANK0                             4F       4F       11       20       1
                strings                               3        3       21        6       0

TOTAL           Name                               Link     Load   Length     Space
        CLASS   CODE           
                end_init                              0        0        3         0
                cinit                               7E2      7E2       1E         0
                text14                              578      578       36         0
                text13                              4F8      4F8       20         0
                text12                              48D      48D       11         0
                text11                              46E      46E        9         0
                text10                              518      518       30         0
                text9                               602      602       63         0
                text8                               477      477        B         0
                text7                               665      665       66         0
                text6                               548      548       30         0
                text5                               482      482        B         0
                text4                               4D9      4D9       1F         0
                text3                               49E      49E       1D         0
                text2                               4BB      4BB       1E         0
                text1                               5AE      5AE       54         0
                maintext                            6CB      6CB      117         0
                clrtext                             466      466        8         0

        CLASS   STRCODE        

        CLASS   STRING         
                strings                               3        3       21         0

        CLASS   CONST          

        CLASS   ENTRY          

        CLASS   COMMON         
                cstackCOMMON                         70       70        E         1

        CLASS   BANK0          
                cstackBANK0                          20       20       2F         1
                bssBANK0                             4F       4F       11         1

        CLASS   BANK1          
                bssBANK1                             A0       A0       11         1

        CLASS   BANK2          
                bssBANK2                            110      110       5A         1

        CLASS   BANK3          
                cstackBANK3                         190      190       5A         1

        CLASS   RAM            

        CLASS   ABS1           
                abs_s1                               7E       7E        2         1

        CLASS   SFR0           

        CLASS   SFR1           

        CLASS   SFR2           

        CLASS   SFR3           

        CLASS   CONFIG         
                config                             2007     2007        1         4

        CLASS   IDLOC          

        CLASS   EEDATA         

        CLASS   STACK          



SEGMENTS        Name                           Load    Length   Top    Selector   Space  Class     Delta

                reset_vec                      000000  000003  000003         0       0  CODE        2
                strings                        000003  000021  000024         6       0  STRING      2
                cstackBANK0                    000020  000040  000060        20       1  BANK0       1
                cstackCOMMON                   000070  00000E  00007E        70       1  COMMON      1
                bssBANK1                       0000A0  000011  0000B1        A0       1  BANK1       1
                bssBANK2                       000110  00005A  00016A       110       1  BANK2       1
                cstackBANK3                    000190  00005A  0001EA       190       1  BANK3       1
                clrtext                        000466  000008  00046E       8CC       0  CODE        2
                text11                         00046E  000009  000477       8DC       0  CODE        2
                text8                          000477  00000B  000482       8EE       0  CODE        2
                text5                          000482  00000B  00048D       904       0  CODE        2
                text12                         00048D  000011  00049E       91A       0  CODE        2
                text3                          00049E  00001D  0004BB       93C       0  CODE        2
                text2                          0004BB  00001E  0004D9       976       0  CODE        2
                text4                          0004D9  00001F  0004F8       9B2       0  CODE        2
                text13                         0004F8  000020  000518       9F0       0  CODE        2
                text10                         000518  000030  000548       A30       0  CODE        2
                text6                          000548  000030  000578       A90       0  CODE        2
                text14                         000578  000036  0005AE       AF0       0  CODE        2
                text1                          0005AE  000054  000602       B5C       0  CODE        2
                text9                          000602  000063  000665       C04       0  CODE        2
                text7                          000665  000066  0006CB       CCA       0  CODE        2
                maintext                       0006CB  000117  0007E2       D96       0  CODE        2
                cinit                          0007E2  00001E  000800       FC4       0  CODE        2


UNUSED ADDRESS RANGES

        Name                Unused          Largest block    Delta
        BANK0            0060-006F             10           1
        BANK1            00B1-00EF             3F           1
        BANK2            016A-016F              6           1
        BANK3            01EA-01EF              6           1
        CODE             0024-0465            442           2
                         0800-1FFF            800
        CONST            0024-0465            100           2
                         0800-1FFF            100
        EEDATA           2100-21FF            100           2
        ENTRY            0024-0465            100           2
                         0800-1FFF            100
        IDLOC            2000-2003              4           2
        RAM              0060-006F             10           1
                         00B1-00EF             3F
                         016A-016F              6
                         01EA-01EF              6
        SFR0             0000-001F             20           1
        SFR1             0080-009F             20           1
        SFR2             0100-010F             10           1
        SFR3             0180-018F             10           1
        STRCODE          0024-0465            442           2
                         0800-1FFF           1800
        STRING           0024-0465            100           2
                         0800-1FFF            100

                                  Symbol Table

?___lldiv                        cstackCOMMON 0070
?_strlen                         cstackCOMMON 0070
_CREN                            (abs)        00C4
_GIE                             (abs)        005F
_PEIE                            (abs)        005E
_PORTD                           (abs)        0008
_RCIF                            (abs)        0065
_RCREG                           (abs)        001A
_RE1                             (abs)        0049
_RE2                             (abs)        004A
_SPBRG                           (abs)        0099
_SPEN                            (abs)        00C7
_TRISD                           (abs)        0088
_TRISE1                          (abs)        0449
_TRISE2                          (abs)        044A
_TXIF                            (abs)        0064
_TXREG                           (abs)        0019
__Habs1                          abs1         0000
__Hbank0                         bank0        0000
__Hbank1                         bank1        0000
__Hbank2                         bank2        0000
__Hbank3                         bank3        0000
__HbssBANK0                      bssBANK0     0000
__HbssBANK1                      bssBANK1     0000
__HbssBANK2                      bssBANK2     0000
__Hcinit                         cinit        0800
__Hclrtext                       clrtext      0000
__Hcode                          code         0000
__Hcommon                        common       0000
__Hconfig                        config       2008
__HcstackBANK0                   cstackBANK0  0000
__HcstackBANK3                   cstackBANK3  0000
__HcstackCOMMON                  cstackCOMMON 0000
__Heeprom_data                   eeprom_data  0000
__Hend_init                      end_init     0003
__Hfunctab                       functab      0000
__Hinit                          init         0000
__Hintentry                      intentry     0000
__Hmaintext                      maintext     0000
__Hpowerup                       powerup      0000
__Hram                           ram          0000
__Hreset_vec                     reset_vec    0000
__Hsfr0                          sfr0         0000
__Hsfr1                          sfr1         0000
__Hsfr2                          sfr2         0000
__Hsfr3                          sfr3         0000
__Hspace_0                       (abs)        0800
__Hspace_1                       (abs)        01EA
__Hspace_2                       (abs)        0000
__Hspace_3                       (abs)        0000
__Hspace_4                       (abs)        400F
__Hstack                         stack        0000
__Hstrings                       strings      0000
__Htext                          text         0000
__Labs1                          abs1         0000
__Lbank0                         bank0        0000
__Lbank1                         bank1        0000
__Lbank2                         bank2        0000
__Lbank3                         bank3        0000
__LbssBANK0                      bssBANK0     0000
__LbssBANK1                      bssBANK1     0000
__LbssBANK2                      bssBANK2     0000
__Lcinit                         cinit        07E2
__Lclrtext                       clrtext      0000
__Lcode                          code         0000
__Lcommon                        common       0000
__Lconfig                        config       0000
__LcstackBANK0                   cstackBANK0  0000
__LcstackBANK3                   cstackBANK3  0000
__LcstackCOMMON                  cstackCOMMON 0000
__Leeprom_data                   eeprom_data  0000
__Lend_init                      end_init     0000
__Lfunctab                       functab      0000
__Linit                          init         0000
__Lintentry                      intentry     0000
__Lmaintext                      maintext     0000
__Lpowerup                       powerup      0000
__Lram                           ram          0000
__Lreset_vec                     reset_vec    0000
__Lsfr0                          sfr0         0000
__Lsfr1                          sfr1         0000
__Lsfr2                          sfr2         0000
__Lsfr3                          sfr3         0000
__Lspace_0                       (abs)        0000
__Lspace_1                       (abs)        0000
__Lspace_2                       (abs)        0000
__Lspace_3                       (abs)        0000
__Lspace_4                       (abs)        0000
__Lstack                         stack        0000
__Lstrings                       strings      0000
__Ltext                          text         0000
__S0                             (abs)        0800
__S1                             (abs)        01EA
__S3                             (abs)        0000
___int_sp                        stack        0000
___latbits                       (abs)        0002
___lldiv                         text7        0665
___lldiv@counter                 cstackCOMMON 007D
___lldiv@dividend                cstackCOMMON 0074
___lldiv@divisor                 cstackCOMMON 0070
___lldiv@quotient                cstackCOMMON 0079
___sp                            stack        0000
___stackhi                       (abs)        0000
___stacklo                       (abs)        0000
__end_of___lldiv                 text7        06CB
__end_of__initialization         cinit        07FC
__end_of__stringtab              strings      0013
__end_of_clcd_print              text13       0518
__end_of_clcd_write              text14       05AE
__end_of_clear_screen            text12       049E
__end_of_getchar                 text11       0477
__end_of_getstr                  text10       0548
__end_of_init_clcd               text8        0482
__end_of_init_config             text3        04BB
__end_of_init_display_controller text9        0665
__end_of_init_uart               text6        0578
__end_of_main                    maintext     07E2
__end_of_putchar                 text5        048D
__end_of_puts                    text4        04F8
__end_of_strlen                  text2        04D9
__end_of_strncpy                 text1        0602
__initialization                 cinit        07E2
__pbssBANK0                      bssBANK0     004F
__pbssBANK1                      bssBANK1     00A0
__pbssBANK2                      bssBANK2     0110
__pcstackBANK0                   cstackBANK0  0020
__pcstackBANK3                   cstackBANK3  0190
__pcstackCOMMON                  cstackCOMMON 0070
__pmaintext                      maintext     06CB
__pstrings                       strings      0003
__ptext1                         text1        05AE
__ptext10                        text10       0518
__ptext11                        text11       046E
__ptext12                        text12       048D
__ptext13                        text13       04F8
__ptext14                        text14       0578
__ptext2                         text2        04BB
__ptext3                         text3        049E
__ptext4                         text4        04D9
__ptext5                         text5        0482
__ptext6                         text6        0548
__ptext7                         text7        0665
__ptext8                         text8        0477
__ptext9                         text9        0602
__stringbase                     strings      0012
__stringtab                      strings      0003
_clcd_print                      text13       04F8
_clcd_write                      text14       0578
_clear_screen                    text12       048D
_getchar                         text11       046E
_getstr                          text10       0518
_init_clcd                       text8        0477
_init_config                     text3        049E
_init_display_controller         text9        0602
_init_uart                       text6        0548
_main                            maintext     06CB
_putchar                         text5        0482
_puts                            text4        04D9
_strlen                          text2        04BB
_strncpy                         text1        05AE
btemp                            (abs)        007E
clcd_print@addr                  cstackCOMMON 0074
clcd_print@str                   cstackCOMMON 0076
clcd_write@byte                  cstackCOMMON 0073
clcd_write@mode                  cstackCOMMON 0070
clear_ram0                       clrtext      0466
end_of_initialization            cinit        07FC
getstr@i                         cstackCOMMON 0073
getstr@j                         cstackCOMMON 0071
getstr@str                       cstackCOMMON 0072
init_uart@baud                   cstackBANK0  0020
intlevel0                        functab      0000
intlevel1                        functab      0000
intlevel2                        functab      0000
intlevel3                        functab      0000
intlevel4                        functab      0000
intlevel5                        functab      0000
main@i                           cstackBANK0  004D
main@j                           cstackBANK0  004B
main@str                         cstackBANK3  0190
main@str1                        cstackBANK0  0029
main@str2                        cstackBANK0  003A
putchar@data                     cstackCOMMON 0070
puts@s                           cstackCOMMON 0072
reset_vec                        reset_vec    0000
start                            init         0000
start_initialization             cinit        07E2
strlen@cp                        cstackCOMMON 0072
strlen@s                         cstackCOMMON 0070
strncpy@cp                       cstackCOMMON 007A
strncpy@from                     cstackCOMMON 0076
strncpy@size                     cstackCOMMON 0078
strncpy@to                       cstackCOMMON 0074
wtemp0                           (abs)        007E


MODULE INFORMATION

Module		Function		Class		Link	Load	Size
C:\Program Files\Microchip\xc8\v2.40\pic\sources\c90\common\strlen.c
		_strlen        		CODE           	04BB	0000	30

C:\Program Files\Microchip\xc8\v2.40\pic\sources\c90\common\strlen.c estimated size: 30

uart.c
		_init_uart     		CODE           	0548	0000	48
		_getchar       		CODE           	046E	0000	9
		_puts          		CODE           	04D9	0000	31
		_putchar       		CODE           	0482	0000	11

uart.c estimated size: 99

C:\Program Files\Microchip\xc8\v2.40\pic\sources\c90\common\strncpy.c
		_strncpy       		CODE           	05AE	0000	84

C:\Program Files\Microchip\xc8\v2.40\pic\sources\c90\common\strncpy.c estimated size: 84

C:\Program Files\Microchip\xc8\v2.40\pic\sources\c90\common\__lldiv.c
		___lldiv       		CODE           	0665	0000	102

C:\Program Files\Microchip\xc8\v2.40\pic\sources\c90\common\__lldiv.c estimated size: 102

shared
		__stringtab    		STRING         	0003	0000	16
		__initialization		CODE           	07E2	0000	26

shared estimated size: 42

clcd.c
		_clcd_write    		CODE           	0578	0000	54
		_clear_screen  		CODE           	048D	0000	17
		_clcd_print    		CODE           	04F8	0000	32
		_init_display_controller		CODE           	0602	0000	99
		_init_clcd     		CODE           	0477	0000	11

clcd.c estimated size: 213

main.c
		_main          		CODE           	06CB	0000	279
		_getstr        		CODE           	0518	0000	48
		_init_config   		CODE           	049E	0000	29

main.c estimated size: 356

