Microchip MPLAB XC8 Compiler V2.40

Linker command line:

-W-3 \
  --edf=C:\Program Files\Microchip\xc8\v2.40\pic\dat\20220703182018_en.msgs \
  -cn -h+dist/default/production\assignment14.X.production.sym \
  --cmf=dist/default/production\assignment14.X.production.cmf -z -Q16F877A \
  -oC:\Users\destroy\AppData\Local\Temp\xcAs9v8.4 --defsym=__MPLAB_BUILD=1 \
  --fixupoverflow=error \
  -Mdist/default/production/assignment14.X.production.map \
  --md=C:\Users\destroy\AppData\Local\Temp\xcAs9v8.dat -E1 \
  -ver=XC8 Compiler --acfsm=1493 -ACODE=00h-07FFhx4 -ASTRCODE=00h-01FFFh \
  -ASTRING=00h-0FFhx32 -ACONST=00h-0FFhx32 -AENTRY=00h-0FFhx32 \
  -ACOMMON=070h-07Fh -ABANK0=020h-06Fh -ABANK1=0A0h-0EFh \
  -ABANK2=0110h-016Fh -ABANK3=0190h-01EFh \
  -ARAM=020h-06Fh,0A0h-0EFh,0110h-016Fh,0190h-01EFh \
  -AABS1=020h-07Fh,0A0h-0EFh,0110h-016Fh,0190h-01EFh -ASFR0=00h-01Fh \
  -ASFR1=080h-09Fh -ASFR2=0100h-010Fh -ASFR3=0180h-018Fh \
  -ACONFIG=02007h-02007h -DCONFIG=2 -AIDLOC=02000h-02003h -DIDLOC=2 \
  -AEEDATA=00h-0FFh/02100h -peeprom_data=EEDATA -DEEDATA=2 -DCODE=2 \
  -DSTRCODE=2 -DSTRING=2 -DCONST=2 -DENTRY=2 \
  -preset_vec=00h,intentry,init,end_init -ppowerup=CODE -pcinit=CODE \
  -pfunctab=ENTRY -k C:\Users\destroy\AppData\Local\Temp\xcAs9v8.o \
  dist/default/production\assignment14.X.production.o 

Object code version is 3.11

Machine type is 16F877A



                Name                               Link     Load   Length Selector   Space Scale
C:\Users\destroy\AppData\Local\Temp\xcAs9v8.o
                end_init                              0        0        3        0       0
                config                             2007     2007        1        0       4
dist/default/production\assignment14.X.production.o
                cinit                               7EC      7EC       14      FD8       0
                config                             2007     2007        1        0       4
                text19                              51F      51F       44      A3E       0
                text18                              4E5      4E5       3A      9CA       0
                text17                              563      563       56      AC6       0
                text16                              439      439       25      872       0
                text15                              3B0      3B0        D      760       0
                text14                              3F4      3F4       21      7E8       0
                text13                              37C      37C        9      6F8       0
                text12                              385      385        9      70A       0
                text11                              38E      38E        B      71C       0
                text10                              399      399        B      732       0
                text9                               488      488       2B      910       0
                text8                               415      415       24      82A       0
                text7                               3DF      3DF       15      7BE       0
                text6                               376      376        6      6EC       0
                text5                               5B9      5B9       66      B72       0
                text4                               4B3      4B3       32      966       0
                text3                               3A4      3A4        C      748       0
                text2                               61F      61F       8D      C3E       0
                text1                               45E      45E       2A      8BC       0
                maintext                            6AC      6AC      140      D58       0
                cstackBANK0                          20       20       17       20       1
                cstackCOMMON                         70       70        E       70       1
                inittext                            3CC      3CC       13      798       0
                dataBANK0                            37       37        F       20       1
                bssBANK0                             46       46        2       20       1
                idataBANK0                          3BD      3BD        F      77A       0

TOTAL           Name                               Link     Load   Length     Space
        CLASS   CODE           
                end_init                              0        0        3         0
                cinit                               7EC      7EC       14         0
                text19                              51F      51F       44         0
                text18                              4E5      4E5       3A         0
                text17                              563      563       56         0
                text16                              439      439       25         0
                text15                              3B0      3B0        D         0
                text14                              3F4      3F4       21         0
                text13                              37C      37C        9         0
                text12                              385      385        9         0
                text11                              38E      38E        B         0
                text10                              399      399        B         0
                text9                               488      488       2B         0
                text8                               415      415       24         0
                text7                               3DF      3DF       15         0
                text6                               376      376        6         0
                text5                               5B9      5B9       66         0
                text4                               4B3      4B3       32         0
                text3                               3A4      3A4        C         0
                text2                               61F      61F       8D         0
                text1                               45E      45E       2A         0
                maintext                            6AC      6AC      140         0
                inittext                            3CC      3CC       13         0
                idataBANK0                          3BD      3BD        F         0

        CLASS   STRCODE        

        CLASS   STRING         

        CLASS   CONST          

        CLASS   ENTRY          

        CLASS   COMMON         
                cstackCOMMON                         70       70        E         1

        CLASS   BANK0          
                cstackBANK0                          20       20       17         1
                dataBANK0                            37       37        F         1
                bssBANK0                             46       46        2         1

        CLASS   BANK1          

        CLASS   BANK2          

        CLASS   BANK3          

        CLASS   RAM            

        CLASS   ABS1           
                abs_s1                               7E       7E        2         1

        CLASS   SFR0           

        CLASS   SFR1           

        CLASS   SFR2           

        CLASS   SFR3           

        CLASS   CONFIG         
                config                             2007     2007        1         4

        CLASS   IDLOC          

        CLASS   EEDATA         

        CLASS   STACK          



SEGMENTS        Name                           Load    Length   Top    Selector   Space  Class     Delta

                reset_vec                      000000  000003  000003         0       0  CODE        2
                cstackBANK0                    000020  000028  000048        20       1  BANK0       1
                cstackCOMMON                   000070  00000E  00007E        70       1  COMMON      1
                text6                          000376  000006  00037C       6EC       0  CODE        2
                text13                         00037C  000009  000385       6F8       0  CODE        2
                text12                         000385  000009  00038E       70A       0  CODE        2
                text11                         00038E  00000B  000399       71C       0  CODE        2
                text10                         000399  00000B  0003A4       732       0  CODE        2
                text3                          0003A4  00000C  0003B0       748       0  CODE        2
                text15                         0003B0  00000D  0003BD       760       0  CODE        2
                idataBANK0                     0003BD  00000F  0003CC       77A       0  CODE        2
                inittext                       0003CC  000013  0003DF       798       0  CODE        2
                text7                          0003DF  000015  0003F4       7BE       0  CODE        2
                text14                         0003F4  000021  000415       7E8       0  CODE        2
                text8                          000415  000024  000439       82A       0  CODE        2
                text16                         000439  000025  00045E       872       0  CODE        2
                text1                          00045E  00002A  000488       8BC       0  CODE        2
                text9                          000488  00002B  0004B3       910       0  CODE        2
                text4                          0004B3  000032  0004E5       966       0  CODE        2
                text18                         0004E5  00003A  00051F       9CA       0  CODE        2
                text19                         00051F  000044  000563       A3E       0  CODE        2
                text17                         000563  000056  0005B9       AC6       0  CODE        2
                text5                          0005B9  000066  00061F       B72       0  CODE        2
                text2                          00061F  00008D  0006AC       C3E       0  CODE        2
                maintext                       0006AC  000140  0007EC       D58       0  CODE        2
                cinit                          0007EC  000014  000800       FD8       0  CODE        2


UNUSED ADDRESS RANGES

        Name                Unused          Largest block    Delta
        BANK0            0048-006F             28           1
        BANK1            00A0-00EF             50           1
        BANK2            0110-016F             60           1
        BANK3            0190-01EF             60           1
        CODE             0003-0375            373           2
                         0800-1FFF            800
        CONST            0003-0375            100           2
                         0800-1FFF            100
        EEDATA           2100-21FF            100           2
        ENTRY            0003-0375            100           2
                         0800-1FFF            100
        IDLOC            2000-2003              4           2
        RAM              0048-006F             28           1
                         00A0-00EF             50
                         0110-016F             60
                         0190-01EF             60
        SFR0             0000-001F             20           1
        SFR1             0080-009F             20           1
        SFR2             0100-010F             10           1
        SFR3             0180-018F             10           1
        STRCODE          0003-0375            373           2
                         0800-1FFF           1800
        STRING           0003-0375            100           2
                         0800-1FFF            100

                                  Symbol Table

?___lldiv                    cstackCOMMON 0070
?___lwdiv                    cstackCOMMON 0076
?___lwmod                    cstackCOMMON 0070
?___wmul                     cstackCOMMON 0074
_ACKDT                       (abs)        048D
_ACKEN                       (abs)        048C
_ACKSTAT                     (abs)        048E
_PEN                         (abs)        048A
_PORTA                       (abs)        0005
_PORTB                       (abs)        0006
_PORTD                       (abs)        0008
_RCEN                        (abs)        048B
_R_nW                        (abs)        04A2
_SEN                         (abs)        0488
_SSPADD                      (abs)        0093
_SSPBUF                      (abs)        0013
_SSPCON2                     (abs)        0091
_SSPEN                       (abs)        00A5
_SSPM3                       (abs)        00A3
_TRISA                       (abs)        0085
_TRISB                       (abs)        0086
_TRISD                       (abs)        0088
__Habs1                      abs1         0000
__Hbank0                     bank0        0000
__Hbank1                     bank1        0000
__Hbank2                     bank2        0000
__Hbank3                     bank3        0000
__HbssBANK0                  bssBANK0     0000
__Hcinit                     cinit        0800
__Hclrtext                   clrtext      0000
__Hcode                      code         0000
__Hcommon                    common       0000
__Hconfig                    config       2008
__HcstackBANK0               cstackBANK0  0000
__HcstackCOMMON              cstackCOMMON 0000
__HdataBANK0                 dataBANK0    0000
__Heeprom_data               eeprom_data  0000
__Hend_init                  end_init     0003
__Hfunctab                   functab      0000
__HidataBANK0                idataBANK0   0000
__Hinit                      init         0000
__Hinittext                  inittext     0000
__Hintentry                  intentry     0000
__Hmaintext                  maintext     0000
__Hpowerup                   powerup      0000
__Hram                       ram          0000
__Hreset_vec                 reset_vec    0000
__Hsfr0                      sfr0         0000
__Hsfr1                      sfr1         0000
__Hsfr2                      sfr2         0000
__Hsfr3                      sfr3         0000
__Hspace_0                   (abs)        0800
__Hspace_1                   (abs)        007E
__Hspace_2                   (abs)        0000
__Hspace_3                   (abs)        0000
__Hspace_4                   (abs)        400F
__Hstack                     stack        0000
__Hstrings                   strings      0000
__Htext                      text         0000
__Labs1                      abs1         0000
__Lbank0                     bank0        0000
__Lbank1                     bank1        0000
__Lbank2                     bank2        0000
__Lbank3                     bank3        0000
__LbssBANK0                  bssBANK0     0000
__Lcinit                     cinit        07EC
__Lclrtext                   clrtext      0000
__Lcode                      code         0000
__Lcommon                    common       0000
__Lconfig                    config       0000
__LcstackBANK0               cstackBANK0  0000
__LcstackCOMMON              cstackCOMMON 0000
__LdataBANK0                 dataBANK0    0000
__Leeprom_data               eeprom_data  0000
__Lend_init                  end_init     0000
__Lfunctab                   functab      0000
__LidataBANK0                idataBANK0   0000
__Linit                      init         0000
__Linittext                  inittext     0000
__Lintentry                  intentry     0000
__Lmaintext                  maintext     0000
__Lpowerup                   powerup      0000
__Lram                       ram          0000
__Lreset_vec                 reset_vec    0000
__Lsfr0                      sfr0         0000
__Lsfr1                      sfr1         0000
__Lsfr2                      sfr2         0000
__Lsfr3                      sfr3         0000
__Lspace_0                   (abs)        0000
__Lspace_1                   (abs)        0000
__Lspace_2                   (abs)        0000
__Lspace_3                   (abs)        0000
__Lspace_4                   (abs)        0000
__Lstack                     stack        0000
__Lstrings                   strings      0000
__Ltext                      text         0000
__S0                         (abs)        0800
__S1                         (abs)        007E
__S3                         (abs)        0000
___int_sp                    stack        0000
___latbits                   (abs)        0002
___lldiv                     text5        05B9
___lldiv@counter             cstackCOMMON 007D
___lldiv@dividend            cstackCOMMON 0074
___lldiv@divisor             cstackCOMMON 0070
___lldiv@quotient            cstackCOMMON 0079
___lwdiv                     text19       051F
___lwdiv@counter             cstackCOMMON 007D
___lwdiv@dividend            cstackCOMMON 0078
___lwdiv@divisor             cstackCOMMON 0076
___lwdiv@quotient            cstackCOMMON 007B
___lwmod                     text18       04E5
___lwmod@counter             cstackCOMMON 0075
___lwmod@dividend            cstackCOMMON 0072
___lwmod@divisor             cstackCOMMON 0070
___sp                        stack        0000
___stackhi                   (abs)        0000
___stacklo                   (abs)        0000
___wmul                      text16       0439
___wmul@multiplicand         cstackCOMMON 0076
___wmul@multiplier           cstackCOMMON 0074
___wmul@product              cstackCOMMON 0078
__end_of___lldiv             text5        061F
__end_of___lwdiv             text19       0563
__end_of___lwmod             text18       051F
__end_of___wmul              text16       045E
__end_of__initialization     cinit        07FC
__end_of_display             text17       05B9
__end_of_i2c_read            text14       0415
__end_of_i2c_rep_start       text11       0399
__end_of_i2c_start           text13       0385
__end_of_i2c_stop            text12       038E
__end_of_i2c_wait_for_idle   text15       03BD
__end_of_i2c_write           text10       03A4
__end_of_init_at24c04        text7        03F4
__end_of_init_config         text2        06AC
__end_of_init_digital_keypad text6        037C
__end_of_init_i2c            text4        04E5
__end_of_init_ssd            text3        03B0
__end_of_main                maintext     07EC
__end_of_read_at24c04        text9        04B3
__end_of_read_digital_keypad text1        0488
__end_of_write_at24c04       text8        0439
__initialization             cinit        07EC
__pbssBANK0                  bssBANK0     0046
__pcstackBANK0               cstackBANK0  0020
__pcstackCOMMON              cstackCOMMON 0070
__pdataBANK0                 dataBANK0    0037
__pidataBANK0                idataBANK0   03BD
__pmaintext                  maintext     06AC
__ptext1                     text1        045E
__ptext10                    text10       0399
__ptext11                    text11       038E
__ptext12                    text12       0385
__ptext13                    text13       037C
__ptext14                    text14       03F4
__ptext15                    text15       03B0
__ptext16                    text16       0439
__ptext17                    text17       0563
__ptext18                    text18       04E5
__ptext19                    text19       051F
__ptext2                     text2        061F
__ptext3                     text3        03A4
__ptext4                     text4        04B3
__ptext5                     text5        05B9
__ptext6                     text6        0376
__ptext7                     text7        03DF
__ptext8                     text8        0415
__ptext9                     text9        0488
_count                       bssBANK0     0046
_display                     text17       0563
_i2c_read                    text14       03F4
_i2c_rep_start               text11       038E
_i2c_start                   text13       037C
_i2c_stop                    text12       0385
_i2c_wait_for_idle           text15       03B0
_i2c_write                   text10       0399
_init_at24c04                text7        03DF
_init_config                 text2        061F
_init_digital_keypad         text6        0376
_init_i2c                    text4        04B3
_init_ssd                    text3        03A4
_main                        maintext     06AC
_read_at24c04                text9        0488
_read_digital_keypad         text1        045E
_write_at24c04               text8        0415
btemp                        (abs)        007E
display@data                 cstackCOMMON 0078
display@digit                cstackCOMMON 0079
display@wait                 cstackCOMMON 0074
end_of_initialization        cinit        07FC
i2c_read@ack                 cstackCOMMON 0070
i2c_read@data                cstackCOMMON 0071
i2c_write@data               cstackCOMMON 0070
init_at24c04@dummy           cstackBANK0  0022
init_fetch0                  inittext     03CC
init_i2c@baud                cstackBANK0  0020
init_ram0                    inittext     03D0
intlevel0                    functab      0000
intlevel1                    functab      0000
intlevel2                    functab      0000
intlevel3                    functab      0000
intlevel4                    functab      0000
intlevel5                    functab      0000
main@digit                   dataBANK0    0037
main@key                     cstackBANK0  0036
main@key1                    cstackBANK0  0034
main@ssd                     dataBANK0    0042
main@wait                    cstackBANK0  0035
read_at24c04@addr            cstackCOMMON 0072
read_at24c04@data            cstackCOMMON 0073
read_digital_keypad@mode     cstackCOMMON 0071
read_digital_keypad@once     dataBANK0    0041
reset_vec                    reset_vec    0000
start                        init         0000
start_initialization         cinit        07EC
write_at24c04@addr           cstackBANK0  0021
write_at24c04@data           cstackBANK0  0020
wtemp0                       (abs)        007E


MODULE INFORMATION

Module		Function		Class		Link	Load	Size
ssd.c
		_init_ssd      		CODE           	03A4	0000	12
		_display       		CODE           	0563	0000	86

ssd.c estimated size: 98

digital_keypad.c
		_init_digital_keypad		CODE           	0376	0000	6
		_read_digital_keypad		CODE           	045E	0000	42

digital_keypad.c estimated size: 48

i2c.c
		_i2c_start     		CODE           	037C	0000	9
		_i2c_rep_start 		CODE           	038E	0000	11
		_i2c_write     		CODE           	0399	0000	11
		_i2c_stop      		CODE           	0385	0000	9
		_i2c_read      		CODE           	03F4	0000	33
		_init_i2c      		CODE           	04B3	0000	50
		_i2c_wait_for_idle		CODE           	03B0	0000	13

i2c.c estimated size: 136

C:\Program Files\Microchip\xc8\v2.40\pic\sources\c90\common\__lldiv.c
		___lldiv       		CODE           	05B9	0000	102

C:\Program Files\Microchip\xc8\v2.40\pic\sources\c90\common\__lldiv.c estimated size: 102

C:\Program Files\Microchip\xc8\v2.40\pic\sources\c90\common\Umul16.c
		___wmul        		CODE           	0439	0000	37

C:\Program Files\Microchip\xc8\v2.40\pic\sources\c90\common\Umul16.c estimated size: 37

C:\Program Files\Microchip\xc8\v2.40\pic\sources\c90\common\lwmod.c
		___lwmod       		CODE           	04E5	0000	58

C:\Program Files\Microchip\xc8\v2.40\pic\sources\c90\common\lwmod.c estimated size: 58

shared
		__initialization		CODE           	07EC	0000	16

shared estimated size: 16

at24c04.c
		_write_at24c04 		CODE           	0415	0000	36
		_init_at24c04  		CODE           	03DF	0000	21
		_read_at24c04  		CODE           	0488	0000	43

at24c04.c estimated size: 100

main.c
		_main          		CODE           	06AC	0000	320
		_init_config   		CODE           	061F	0000	141

main.c estimated size: 461

C:\Program Files\Microchip\xc8\v2.40\pic\sources\c90\common\lwdiv.c
		___lwdiv       		CODE           	051F	0000	68

C:\Program Files\Microchip\xc8\v2.40\pic\sources\c90\common\lwdiv.c estimated size: 68



MODULE INFORMATION

Module		Function		Class		Link	Load	Size
ssd.c
		_init_ssd      		CODE           	03A4	0000	12
		_display       		CODE           	0563	0000	86

ssd.c estimated size: 98

digital_keypad.c
		_init_digital_keypad		CODE           	0376	0000	6
		_read_digital_keypad		CODE           	045E	0000	42

digital_keypad.c estimated size: 48

i2c.c
		_i2c_start     		CODE           	037C	0000	9
		_i2c_rep_start 		CODE           	038E	0000	11
		_i2c_write     		CODE           	0399	0000	11
		_i2c_stop      		CODE           	0385	0000	9
		_i2c_read      		CODE           	03F4	0000	33
		_init_i2c      		CODE           	04B3	0000	50
		_i2c_wait_for_idle		CODE           	03B0	0000	13

i2c.c estimated size: 136

C:\Program Files\Microchip\xc8\v2.40\pic\sources\c90\common\__lldiv.c
		___lldiv       		CODE           	05B9	0000	102

C:\Program Files\Microchip\xc8\v2.40\pic\sources\c90\common\__lldiv.c estimated size: 102

C:\Program Files\Microchip\xc8\v2.40\pic\sources\c90\common\Umul16.c
		___wmul        		CODE           	0439	0000	37

C:\Program Files\Microchip\xc8\v2.40\pic\sources\c90\common\Umul16.c estimated size: 37

C:\Program Files\Microchip\xc8\v2.40\pic\sources\c90\common\lwmod.c
		___lwmod       		CODE           	04E5	0000	58

C:\Program Files\Microchip\xc8\v2.40\pic\sources\c90\common\lwmod.c estimated size: 58

shared
		__initialization		CODE           	07EC	0000	16

shared estimated size: 16

at24c04.c
		_write_at24c04 		CODE           	0415	0000	36
		_init_at24c04  		CODE           	03DF	0000	21
		_read_at24c04  		CODE           	0488	0000	43

at24c04.c estimated size: 100

main.c
		_main          		CODE           	06AC	0000	320
		_init_config   		CODE           	061F	0000	141

main.c estimated size: 461

C:\Program Files\Microchip\xc8\v2.40\pic\sources\c90\common\lwdiv.c
		___lwdiv       		CODE           	051F	0000	68

C:\Program Files\Microchip\xc8\v2.40\pic\sources\c90\common\lwdiv.c estimated size: 68

