Microchip MPLAB XC8 Compiler V2.40

Linker command line:

-W-3 \
  --edf=C:\Program Files\Microchip\xc8\v2.40\pic\dat\20220703182018_en.msgs \
  -cn -h+dist/default/production\assignment10.X.production.sym \
  --cmf=dist/default/production\assignment10.X.production.cmf -z -Q16F877A \
  -oC:\Users\destroy\AppData\Local\Temp\xcAs3d8.4 --defsym=__MPLAB_BUILD=1 \
  --fixupoverflow=error \
  -Mdist/default/production/assignment10.X.production.map \
  --md=C:\Users\destroy\AppData\Local\Temp\xcAs3d8.dat -E1 \
  -ver=XC8 Compiler --acfsm=1493 -ACODE=00h-07FFhx4 -ASTRCODE=00h-01FFFh \
  -ASTRING=00h-0FFhx32 -ACONST=00h-0FFhx32 -AENTRY=00h-0FFhx32 \
  -ACOMMON=070h-07Fh -ABANK0=020h-06Fh -ABANK1=0A0h-0EFh \
  -ABANK2=0110h-016Fh -ABANK3=0190h-01EFh \
  -ARAM=020h-06Fh,0A0h-0EFh,0110h-016Fh,0190h-01EFh \
  -AABS1=020h-07Fh,0A0h-0EFh,0110h-016Fh,0190h-01EFh -ASFR0=00h-01Fh \
  -ASFR1=080h-09Fh -ASFR2=0100h-010Fh -ASFR3=0180h-018Fh \
  -ACONFIG=02007h-02007h -DCONFIG=2 -AIDLOC=02000h-02003h -DIDLOC=2 \
  -AEEDATA=00h-0FFh/02100h -peeprom_data=EEDATA -DEEDATA=2 -DCODE=2 \
  -DSTRCODE=2 -DSTRING=2 -DCONST=2 -DENTRY=2 \
  -preset_vec=00h,intentry,init,end_init -ppowerup=CODE -pcinit=CODE \
  -pfunctab=ENTRY -k C:\Users\destroy\AppData\Local\Temp\xcAs3d8.o \
  dist/default/production\assignment10.X.production.o 

Object code version is 3.11

Machine type is 16F877A



                Name                               Link     Load   Length Selector   Space Scale
C:\Users\destroy\AppData\Local\Temp\xcAs3d8.o
                end_init                              0        0        3        0       0
                config                             2007     2007        1        0       4
dist/default/production\assignment10.X.production.o
                cinit                               7EE      7EE       12      FDC       0
                config                             2007     2007        1        0       4
                text6                               62F      62F       3A      C5E       0
                text5                               669      669       56      CD2       0
                text4                               5C8      5C8        6      B90       0
                text3                               5D9      5D9        C      BB2       0
                text2                               5CE      5CE        B      B9C       0
                text1                               605      605       2A      C0A       0
                maintext                            6BF      6BF      12F      D7E       0
                cstackBANK0                          20       20       1B       20       1
                cstackCOMMON                         70       70        E       70       1
                inittext                            5F2      5F2       13      BE4       0
                dataBANK0                            3B       3B        D       20       1
                idataBANK0                          5E5      5E5        D      BCA       0

TOTAL           Name                               Link     Load   Length     Space
        CLASS   CODE           
                end_init                              0        0        3         0
                cinit                               7EE      7EE       12         0
                text6                               62F      62F       3A         0
                text5                               669      669       56         0
                text4                               5C8      5C8        6         0
                text3                               5D9      5D9        C         0
                text2                               5CE      5CE        B         0
                text1                               605      605       2A         0
                maintext                            6BF      6BF      12F         0
                inittext                            5F2      5F2       13         0
                idataBANK0                          5E5      5E5        D         0

        CLASS   STRCODE        

        CLASS   STRING         

        CLASS   CONST          

        CLASS   ENTRY          

        CLASS   COMMON         
                cstackCOMMON                         70       70        E         1

        CLASS   BANK0          
                cstackBANK0                          20       20       1B         1
                dataBANK0                            3B       3B        D         1

        CLASS   BANK1          

        CLASS   BANK2          

        CLASS   BANK3          

        CLASS   RAM            

        CLASS   ABS1           
                abs_s1                               7E       7E        2         1

        CLASS   SFR0           

        CLASS   SFR1           

        CLASS   SFR2           

        CLASS   SFR3           

        CLASS   CONFIG         
                config                             2007     2007        1         4

        CLASS   IDLOC          

        CLASS   EEDATA         

        CLASS   STACK          



SEGMENTS        Name                           Load    Length   Top    Selector   Space  Class     Delta

                reset_vec                      000000  000003  000003         0       0  CODE        2
                cstackBANK0                    000020  000028  000048        20       1  BANK0       1
                cstackCOMMON                   000070  00000E  00007E        70       1  COMMON      1
                text4                          0005C8  000006  0005CE       B90       0  CODE        2
                text2                          0005CE  00000B  0005D9       B9C       0  CODE        2
                text3                          0005D9  00000C  0005E5       BB2       0  CODE        2
                idataBANK0                     0005E5  00000D  0005F2       BCA       0  CODE        2
                inittext                       0005F2  000013  000605       BE4       0  CODE        2
                text1                          000605  00002A  00062F       C0A       0  CODE        2
                text6                          00062F  00003A  000669       C5E       0  CODE        2
                text5                          000669  000056  0006BF       CD2       0  CODE        2
                maintext                       0006BF  00012F  0007EE       D7E       0  CODE        2
                cinit                          0007EE  000012  000800       FDC       0  CODE        2


UNUSED ADDRESS RANGES

        Name                Unused          Largest block    Delta
        BANK0            0048-006F             28           1
        BANK1            00A0-00EF             50           1
        BANK2            0110-016F             60           1
        BANK3            0190-01EF             60           1
        CODE             0003-05C7            5C5           2
                         0800-1FFF            800
        CONST            0003-05C7            100           2
                         0800-1FFF            100
        EEDATA           2100-21FF            100           2
        ENTRY            0003-05C7            100           2
                         0800-1FFF            100
        IDLOC            2000-2003              4           2
        RAM              0048-006F             28           1
                         00A0-00EF             50
                         0110-016F             60
                         0190-01EF             60
        SFR0             0000-001F             20           1
        SFR1             0080-009F             20           1
        SFR2             0100-010F             10           1
        SFR3             0180-018F             10           1
        STRCODE          0003-05C7            5C5           2
                         0800-1FFF           1800
        STRING           0003-05C7            100           2
                         0800-1FFF            100

                                  Symbol Table

?___lwmod                    cstackCOMMON 0070
_PORTA                       (abs)        0005
_PORTB                       (abs)        0006
_PORTD                       (abs)        0008
_TRISA                       (abs)        0085
_TRISB                       (abs)        0086
_TRISD                       (abs)        0088
__Habs1                      abs1         0000
__Hbank0                     bank0        0000
__Hbank1                     bank1        0000
__Hbank2                     bank2        0000
__Hbank3                     bank3        0000
__Hcinit                     cinit        0800
__Hclrtext                   clrtext      0000
__Hcode                      code         0000
__Hcommon                    common       0000
__Hconfig                    config       2008
__HcstackBANK0               cstackBANK0  0000
__HcstackCOMMON              cstackCOMMON 0000
__HdataBANK0                 dataBANK0    0000
__Heeprom_data               eeprom_data  0000
__Hend_init                  end_init     0003
__Hfunctab                   functab      0000
__HidataBANK0                idataBANK0   0000
__Hinit                      init         0000
__Hinittext                  inittext     0000
__Hintentry                  intentry     0000
__Hmaintext                  maintext     0000
__Hpowerup                   powerup      0000
__Hram                       ram          0000
__Hreset_vec                 reset_vec    0000
__Hsfr0                      sfr0         0000
__Hsfr1                      sfr1         0000
__Hsfr2                      sfr2         0000
__Hsfr3                      sfr3         0000
__Hspace_0                   (abs)        0800
__Hspace_1                   (abs)        007E
__Hspace_2                   (abs)        0000
__Hspace_3                   (abs)        0000
__Hspace_4                   (abs)        400F
__Hstack                     stack        0000
__Hstrings                   strings      0000
__Htext                      text         0000
__Labs1                      abs1         0000
__Lbank0                     bank0        0000
__Lbank1                     bank1        0000
__Lbank2                     bank2        0000
__Lbank3                     bank3        0000
__Lcinit                     cinit        07EE
__Lclrtext                   clrtext      0000
__Lcode                      code         0000
__Lcommon                    common       0000
__Lconfig                    config       0000
__LcstackBANK0               cstackBANK0  0000
__LcstackCOMMON              cstackCOMMON 0000
__LdataBANK0                 dataBANK0    0000
__Leeprom_data               eeprom_data  0000
__Lend_init                  end_init     0000
__Lfunctab                   functab      0000
__LidataBANK0                idataBANK0   0000
__Linit                      init         0000
__Linittext                  inittext     0000
__Lintentry                  intentry     0000
__Lmaintext                  maintext     0000
__Lpowerup                   powerup      0000
__Lram                       ram          0000
__Lreset_vec                 reset_vec    0000
__Lsfr0                      sfr0         0000
__Lsfr1                      sfr1         0000
__Lsfr2                      sfr2         0000
__Lsfr3                      sfr3         0000
__Lspace_0                   (abs)        0000
__Lspace_1                   (abs)        0000
__Lspace_2                   (abs)        0000
__Lspace_3                   (abs)        0000
__Lspace_4                   (abs)        0000
__Lstack                     stack        0000
__Lstrings                   strings      0000
__Ltext                      text         0000
__S0                         (abs)        0800
__S1                         (abs)        007E
__S3                         (abs)        0000
___int_sp                    stack        0000
___latbits                   (abs)        0002
___lwmod                     text6        062F
___lwmod@counter             cstackCOMMON 0075
___lwmod@dividend            cstackCOMMON 0072
___lwmod@divisor             cstackCOMMON 0070
___sp                        stack        0000
___stackhi                   (abs)        0000
___stacklo                   (abs)        0000
__end_of___lwmod             text6        0669
__end_of__initialization     cinit        07FC
__end_of_display             text5        06BF
__end_of_init_config         text2        05D9
__end_of_init_digital_keypad text4        05CE
__end_of_init_ssd            text3        05E5
__end_of_main                maintext     07EE
__end_of_read_digital_keypad text1        062F
__initialization             cinit        07EE
__pcstackBANK0               cstackBANK0  0020
__pcstackCOMMON              cstackCOMMON 0070
__pdataBANK0                 dataBANK0    003B
__pidataBANK0                idataBANK0   05E5
__pmaintext                  maintext     06BF
__ptext1                     text1        0605
__ptext2                     text2        05CE
__ptext3                     text3        05D9
__ptext4                     text4        05C8
__ptext5                     text5        0669
__ptext6                     text6        062F
_display                     text5        0669
_init_config                 text2        05CE
_init_digital_keypad         text4        05C8
_init_ssd                    text3        05D9
_main                        maintext     06BF
_read_digital_keypad         text1        0605
btemp                        (abs)        007E
display@data                 cstackCOMMON 0078
display@digit                cstackCOMMON 0079
display@wait                 cstackCOMMON 0074
end_of_initialization        cinit        07FC
init_fetch0                  inittext     05F2
init_ram0                    inittext     05F6
intlevel0                    functab      0000
intlevel1                    functab      0000
intlevel2                    functab      0000
intlevel3                    functab      0000
intlevel4                    functab      0000
intlevel5                    functab      0000
main@F859                    dataBANK0    003B
main@count                   cstackBANK0  0039
main@delay                   cstackBANK0  0032
main@digits                  cstackBANK0  0020
main@flag                    cstackBANK0  0037
main@key                     cstackBANK0  0036
main@s_flag                  cstackBANK0  0030
main@ssd                     cstackBANK0  002C
main@stop_flag               cstackBANK0  0034
read_digital_keypad@mode     cstackCOMMON 0071
read_digital_keypad@once     dataBANK0    0047
reset_vec                    reset_vec    0000
start                        init         0000
start_initialization         cinit        07EE
wtemp0                       (abs)        007E


MODULE INFORMATION

Module		Function		Class		Link	Load	Size
ssd.c
		_init_ssd      		CODE           	05D9	0000	12
		_display       		CODE           	0669	0000	86

ssd.c estimated size: 98

digital_keypad.c
		_init_digital_keypad		CODE           	05C8	0000	6
		_read_digital_keypad		CODE           	0605	0000	42

digital_keypad.c estimated size: 48

C:\Program Files\Microchip\xc8\v2.40\pic\sources\c90\common\lwmod.c
		___lwmod       		CODE           	062F	0000	58

C:\Program Files\Microchip\xc8\v2.40\pic\sources\c90\common\lwmod.c estimated size: 58

shared
		__initialization		CODE           	07EE	0000	14

shared estimated size: 14

main.c
		_main          		CODE           	06BF	0000	303
		_init_config   		CODE           	05CE	0000	11

main.c estimated size: 314

