Microchip MPLAB XC8 Compiler V2.40

Linker command line:

-W-3 \
  --edf=C:\Program Files\Microchip\xc8\v2.40\pic\dat\20220703182018_en.msgs \
  -cn -h+dist/default/production\assignment12.X.production.sym \
  --cmf=dist/default/production\assignment12.X.production.cmf -z -Q16F877A \
  -oC:\Users\destroy\AppData\Local\Temp\xcAsg14.4 --defsym=__MPLAB_BUILD=1 \
  --fixupoverflow=error \
  -Mdist/default/production/assignment12.X.production.map \
  --md=C:\Users\destroy\AppData\Local\Temp\xcAsg14.dat -E1 \
  -ver=XC8 Compiler --acfsm=1493 -ACODE=00h-07FFhx4 -ASTRCODE=00h-01FFFh \
  -ASTRING=00h-0FFhx32 -ACONST=00h-0FFhx32 -AENTRY=00h-0FFhx32 \
  -ACOMMON=070h-07Fh -ABANK0=020h-06Fh -ABANK1=0A0h-0EFh \
  -ABANK2=0110h-016Fh -ABANK3=0190h-01EFh \
  -ARAM=020h-06Fh,0A0h-0EFh,0110h-016Fh,0190h-01EFh \
  -AABS1=020h-07Fh,0A0h-0EFh,0110h-016Fh,0190h-01EFh -ASFR0=00h-01Fh \
  -ASFR1=080h-09Fh -ASFR2=0100h-010Fh -ASFR3=0180h-018Fh \
  -ACONFIG=02007h-02007h -DCONFIG=2 -AIDLOC=02000h-02003h -DIDLOC=2 \
  -AEEDATA=00h-0FFh/02100h -peeprom_data=EEDATA -DEEDATA=2 -DCODE=2 \
  -DSTRCODE=2 -DSTRING=2 -DCONST=2 -DENTRY=2 \
  -preset_vec=00h,intentry,init,end_init -ppowerup=CODE -pcinit=CODE \
  -pfunctab=ENTRY -k C:\Users\destroy\AppData\Local\Temp\xcAsg14.o \
  dist/default/production\assignment12.X.production.o 

Object code version is 3.11

Machine type is 16F877A



                Name                               Link     Load   Length Selector   Space Scale
C:\Users\destroy\AppData\Local\Temp\xcAsg14.o
                end_init                              0        0        3        0       0
                config                             2007     2007        1        0       4
dist/default/production\assignment12.X.production.o
                cinit                               7EE      7EE       12      FDC       0
                config                             2007     2007        1        0       4
                text10                              550      550       36      AA0       0
                text9                               528      528       28      A50       0
                text8                               4DD      4DD       11      9BA       0
                text7                               586      586       46      B0C       0
                text6                               5CC      5CC       63      B98       0
                text5                               4B7      4B7        B      96E       0
                text4                               4CD      4CD       10      99A       0
                text3                               4C2      4C2        B      984       0
                text2                               62F      62F       AC      C5E       0
                text1                               501      501       27      A02       0
                maintext                            6DB      6DB      113      DB6       0
                cstackBANK0                          20       20       17       20       1
                cstackCOMMON                         70       70        E       70       1
                inittext                            4EE      4EE       13      9DC       0
                dataBANK0                            37       37        A       20       1
                strings                               3        3       8F        6       0
                idataBANK0                          4AD      4AD        A      95A       0

TOTAL           Name                               Link     Load   Length     Space
        CLASS   CODE           
                end_init                              0        0        3         0
                cinit                               7EE      7EE       12         0
                text10                              550      550       36         0
                text9                               528      528       28         0
                text8                               4DD      4DD       11         0
                text7                               586      586       46         0
                text6                               5CC      5CC       63         0
                text5                               4B7      4B7        B         0
                text4                               4CD      4CD       10         0
                text3                               4C2      4C2        B         0
                text2                               62F      62F       AC         0
                text1                               501      501       27         0
                maintext                            6DB      6DB      113         0
                inittext                            4EE      4EE       13         0
                idataBANK0                          4AD      4AD        A         0

        CLASS   STRCODE        

        CLASS   STRING         
                strings                               3        3       8F         0

        CLASS   CONST          

        CLASS   ENTRY          

        CLASS   COMMON         
                cstackCOMMON                         70       70        E         1

        CLASS   BANK0          
                cstackBANK0                          20       20       17         1
                dataBANK0                            37       37        A         1

        CLASS   BANK1          

        CLASS   BANK2          

        CLASS   BANK3          

        CLASS   RAM            

        CLASS   ABS1           
                abs_s1                               7E       7E        2         1

        CLASS   SFR0           

        CLASS   SFR1           

        CLASS   SFR2           

        CLASS   SFR3           

        CLASS   CONFIG         
                config                             2007     2007        1         4

        CLASS   IDLOC          

        CLASS   EEDATA         

        CLASS   STACK          



SEGMENTS        Name                           Load    Length   Top    Selector   Space  Class     Delta

                reset_vec                      000000  000003  000003         0       0  CODE        2
                strings                        000003  00008F  000092         6       0  STRING      2
                cstackBANK0                    000020  000021  000041        20       1  BANK0       1
                cstackCOMMON                   000070  00000E  00007E        70       1  COMMON      1
                idataBANK0                     0004AD  00000A  0004B7       95A       0  CODE        2
                text5                          0004B7  00000B  0004C2       96E       0  CODE        2
                text3                          0004C2  00000B  0004CD       984       0  CODE        2
                text4                          0004CD  000010  0004DD       99A       0  CODE        2
                text8                          0004DD  000011  0004EE       9BA       0  CODE        2
                inittext                       0004EE  000013  000501       9DC       0  CODE        2
                text1                          000501  000027  000528       A02       0  CODE        2
                text9                          000528  000028  000550       A50       0  CODE        2
                text10                         000550  000036  000586       AA0       0  CODE        2
                text7                          000586  000046  0005CC       B0C       0  CODE        2
                text6                          0005CC  000063  00062F       B98       0  CODE        2
                text2                          00062F  0000AC  0006DB       C5E       0  CODE        2
                maintext                       0006DB  000113  0007EE       DB6       0  CODE        2
                cinit                          0007EE  000012  000800       FDC       0  CODE        2


UNUSED ADDRESS RANGES

        Name                Unused          Largest block    Delta
        BANK0            0041-006F             2F           1
        BANK1            00A0-00EF             50           1
        BANK2            0110-016F             60           1
        BANK3            0190-01EF             60           1
        CODE             0092-04AC            41B           2
                         0800-1FFF            800
        CONST            0092-04AC            100           2
                         0800-1FFF            100
        EEDATA           2100-21FF            100           2
        ENTRY            0092-04AC            100           2
                         0800-1FFF            100
        IDLOC            2000-2003              4           2
        RAM              0041-006F             2F           1
                         00A0-00EF             50
                         0110-016F             60
                         0190-01EF             60
        SFR0             0000-001F             20           1
        SFR1             0080-009F             20           1
        SFR2             0100-010F             10           1
        SFR3             0180-018F             10           1
        STRCODE          0092-04AC            41B           2
                         0800-1FFF           1800
        STRING           0092-04AC            100           2
                         0800-1FFF            100

                                  Symbol Table

?_compare                        cstackCOMMON 0070
_PORTD                           (abs)        0008
_RB0                             (abs)        0030
_RB1                             (abs)        0031
_RB2                             (abs)        0032
_RD0                             (abs)        0040
_RD1                             (abs)        0041
_RD2                             (abs)        0042
_RD3                             (abs)        0043
_RE1                             (abs)        0049
_RE2                             (abs)        004A
_TRISB                           (abs)        0086
_TRISD                           (abs)        0088
_TRISE1                          (abs)        0449
_TRISE2                          (abs)        044A
__Habs1                          abs1         0000
__Hbank0                         bank0        0000
__Hbank1                         bank1        0000
__Hbank2                         bank2        0000
__Hbank3                         bank3        0000
__Hcinit                         cinit        0800
__Hclrtext                       clrtext      0000
__Hcode                          code         0000
__Hcommon                        common       0000
__Hconfig                        config       2008
__HcstackBANK0                   cstackBANK0  0000
__HcstackCOMMON                  cstackCOMMON 0000
__HdataBANK0                     dataBANK0    0000
__Heeprom_data                   eeprom_data  0000
__Hend_init                      end_init     0003
__Hfunctab                       functab      0000
__HidataBANK0                    idataBANK0   0000
__Hinit                          init         0000
__Hinittext                      inittext     0000
__Hintentry                      intentry     0000
__Hmaintext                      maintext     0000
__Hpowerup                       powerup      0000
__Hram                           ram          0000
__Hreset_vec                     reset_vec    0000
__Hsfr0                          sfr0         0000
__Hsfr1                          sfr1         0000
__Hsfr2                          sfr2         0000
__Hsfr3                          sfr3         0000
__Hspace_0                       (abs)        0800
__Hspace_1                       (abs)        007E
__Hspace_2                       (abs)        0000
__Hspace_3                       (abs)        0000
__Hspace_4                       (abs)        400F
__Hstack                         stack        0000
__Hstrings                       strings      0000
__Htext                          text         0000
__Labs1                          abs1         0000
__Lbank0                         bank0        0000
__Lbank1                         bank1        0000
__Lbank2                         bank2        0000
__Lbank3                         bank3        0000
__Lcinit                         cinit        07EE
__Lclrtext                       clrtext      0000
__Lcode                          code         0000
__Lcommon                        common       0000
__Lconfig                        config       0000
__LcstackBANK0                   cstackBANK0  0000
__LcstackCOMMON                  cstackCOMMON 0000
__LdataBANK0                     dataBANK0    0000
__Leeprom_data                   eeprom_data  0000
__Lend_init                      end_init     0000
__Lfunctab                       functab      0000
__LidataBANK0                    idataBANK0   0000
__Linit                          init         0000
__Linittext                      inittext     0000
__Lintentry                      intentry     0000
__Lmaintext                      maintext     0000
__Lpowerup                       powerup      0000
__Lram                           ram          0000
__Lreset_vec                     reset_vec    0000
__Lsfr0                          sfr0         0000
__Lsfr1                          sfr1         0000
__Lsfr2                          sfr2         0000
__Lsfr3                          sfr3         0000
__Lspace_0                       (abs)        0000
__Lspace_1                       (abs)        0000
__Lspace_2                       (abs)        0000
__Lspace_3                       (abs)        0000
__Lspace_4                       (abs)        0000
__Lstack                         stack        0000
__Lstrings                       strings      0000
__Ltext                          text         0000
__S0                             (abs)        0800
__S1                             (abs)        007E
__S3                             (abs)        0000
___int_sp                        stack        0000
___latbits                       (abs)        0002
___sp                            stack        0000
___stackhi                       (abs)        0000
___stacklo                       (abs)        0000
__end_of__initialization         cinit        07FC
__end_of__stringtab              strings      0009
__end_of_clcd_print              text9        0550
__end_of_clcd_putch              text8        04EE
__end_of_clcd_write              text10       0586
__end_of_compare                 text7        05CC
__end_of_init_clcd               text5        04C2
__end_of_init_config             text3        04CD
__end_of_init_display_controller text6        062F
__end_of_init_matrix_keypad      text4        04DD
__end_of_main                    maintext     07EE
__end_of_read_matrix_keypad      text1        0528
__end_of_scan_keypad             text2        06DB
__initialization                 cinit        07EE
__pcstackBANK0                   cstackBANK0  0020
__pcstackCOMMON                  cstackCOMMON 0070
__pdataBANK0                     dataBANK0    0037
__pidataBANK0                    idataBANK0   04AD
__pmaintext                      maintext     06DB
__pstrings                       strings      0003
__ptext1                         text1        0501
__ptext10                        text10       0550
__ptext2                         text2        062F
__ptext3                         text3        04C2
__ptext4                         text4        04CD
__ptext5                         text5        04B7
__ptext6                         text6        05CC
__ptext7                         text7        0586
__ptext8                         text8        04DD
__ptext9                         text9        0528
__stringbase                     strings      0008
__stringtab                      strings      0003
_clcd_print                      text9        0528
_clcd_putch                      text8        04DD
_clcd_write                      text10       0550
_compare                         text7        0586
_init_clcd                       text5        04B7
_init_config                     text3        04C2
_init_display_controller         text6        05CC
_init_matrix_keypad              text4        04CD
_main                            maintext     06DB
_nRBPU                           (abs)        040F
_read_matrix_keypad              text1        0501
_scan_keypad                     text2        062F
btemp                            (abs)        007E
clcd_print@addr                  cstackCOMMON 0074
clcd_print@str                   cstackCOMMON 0076
clcd_putch@addr                  cstackCOMMON 0074
clcd_putch@data                  cstackCOMMON 0075
clcd_write@byte                  cstackCOMMON 0073
clcd_write@mode                  cstackCOMMON 0070
compare@code                     cstackCOMMON 0077
compare@flag                     cstackCOMMON 0075
compare@i                        cstackCOMMON 0078
compare@pswd                     cstackCOMMON 0070
end_of_initialization            cinit        07FC
init_fetch0                      inittext     04EE
init_ram0                        inittext     04F2
intlevel0                        functab      0000
intlevel1                        functab      0000
intlevel2                        functab      0000
intlevel3                        functab      0000
intlevel4                        functab      0000
intlevel5                        functab      0000
main@F871                        dataBANK0    0037
main@c                           cstackBANK0  0032
main@code                        cstackBANK0  0020
main@i                           cstackBANK0  0036
main@j                           cstackBANK0  0035
main@key                         cstackBANK0  0034
main@pswd                        cstackBANK0  0029
read_matrix_keypad@key           cstackCOMMON 0073
read_matrix_keypad@mode          cstackCOMMON 0072
read_matrix_keypad@once          dataBANK0    0040
reset_vec                        reset_vec    0000
scan_keypad@i                    cstackCOMMON 0070
start                            init         0000
start_initialization             cinit        07EE
wtemp0                           (abs)        007E


MODULE INFORMATION

Module		Function		Class		Link	Load	Size
matrix_keypad.c
		_init_matrix_keypad		CODE           	04CD	0000	16
		_read_matrix_keypad		CODE           	0501	0000	39
		_scan_keypad   		CODE           	062F	0000	172

matrix_keypad.c estimated size: 227

shared
		__stringtab    		STRING         	0003	0000	6
		__initialization		CODE           	07EE	0000	14

shared estimated size: 20

clcd.c
		_clcd_write    		CODE           	0550	0000	54
		_clcd_print    		CODE           	0528	0000	40
		_clcd_putch    		CODE           	04DD	0000	17
		_init_display_controller		CODE           	05CC	0000	99
		_init_clcd     		CODE           	04B7	0000	11

clcd.c estimated size: 221

main.c
		_compare       		CODE           	0586	0000	70
		_main          		CODE           	06DB	0000	275
		_init_config   		CODE           	04C2	0000	11

main.c estimated size: 356

