Microchip MPLAB XC8 Compiler V2.40

Linker command line:

-W-3 \
  --edf=C:\Program Files\Microchip\xc8\v2.40\pic\dat\20220703182018_en.msgs \
  -cn -h+dist/default/production\assignment2.X.production.sym \
  --cmf=dist/default/production\assignment2.X.production.cmf -z -Q16F877A \
  -oC:\Users\destroy\AppData\Local\Temp\xcAseas.4 --defsym=__MPLAB_BUILD=1 \
  --fixupoverflow=error \
  -Mdist/default/production/assignment2.X.production.map \
  --md=C:\Users\destroy\AppData\Local\Temp\xcAseas.dat -E1 \
  -ver=XC8 Compiler --acfsm=1493 -ACODE=00h-07FFhx4 -ASTRCODE=00h-01FFFh \
  -ASTRING=00h-0FFhx32 -ACONST=00h-0FFhx32 -AENTRY=00h-0FFhx32 \
  -ACOMMON=070h-07Fh -ABANK0=020h-06Fh -ABANK1=0A0h-0EFh \
  -ABANK2=0110h-016Fh -ABANK3=0190h-01EFh \
  -ARAM=020h-06Fh,0A0h-0EFh,0110h-016Fh,0190h-01EFh \
  -AABS1=020h-07Fh,0A0h-0EFh,0110h-016Fh,0190h-01EFh -ASFR0=00h-01Fh \
  -ASFR1=080h-09Fh -ASFR2=0100h-010Fh -ASFR3=0180h-018Fh \
  -ACONFIG=02007h-02007h -DCONFIG=2 -AIDLOC=02000h-02003h -DIDLOC=2 \
  -AEEDATA=00h-0FFh/02100h -peeprom_data=EEDATA -DEEDATA=2 -DCODE=2 \
  -DSTRCODE=2 -DSTRING=2 -DCONST=2 -DENTRY=2 \
  -preset_vec=00h,intentry,init,end_init -ppowerup=CODE -pcinit=CODE \
  -pfunctab=ENTRY -k C:\Users\destroy\AppData\Local\Temp\xcAseas.o \
  dist/default/production\assignment2.X.production.o 

Object code version is 3.11

Machine type is 16F877A



                Name                               Link     Load   Length Selector   Space Scale
C:\Users\destroy\AppData\Local\Temp\xcAseas.o
                end_init                              0        0        3        0       0
                config                             2007     2007        1        0       4
dist/default/production\assignment2.X.production.o
                cinit                               7F6      7F6        A      FEC       0
                config                             2007     2007        1        0       4
                text3                               682      682        6      D04       0
                text2                               688      688        C      D10       0
                text1                               694      694       2A      D28       0
                maintext                            6BE      6BE      138      D7C       0
                cstackCOMMON                         70       70        A       70       1
                dataCOMMON                           7A       7A        1       70       1
                idataCOMMON                         681      681        1      D02       0

TOTAL           Name                               Link     Load   Length     Space
        CLASS   CODE           
                end_init                              0        0        3         0
                cinit                               7F6      7F6        A         0
                text3                               682      682        6         0
                text2                               688      688        C         0
                text1                               694      694       2A         0
                maintext                            6BE      6BE      138         0
                idataCOMMON                         681      681        1         0

        CLASS   STRCODE        

        CLASS   STRING         

        CLASS   CONST          

        CLASS   ENTRY          

        CLASS   COMMON         
                cstackCOMMON                         70       70        A         1
                dataCOMMON                           7A       7A        1         1

        CLASS   BANK0          

        CLASS   BANK1          

        CLASS   BANK2          

        CLASS   BANK3          

        CLASS   RAM            

        CLASS   ABS1           
                abs_s1                               7E       7E        2         1

        CLASS   SFR0           

        CLASS   SFR1           

        CLASS   SFR2           

        CLASS   SFR3           

        CLASS   CONFIG         
                config                             2007     2007        1         4

        CLASS   IDLOC          

        CLASS   EEDATA         

        CLASS   STACK          



SEGMENTS        Name                           Load    Length   Top    Selector   Space  Class     Delta

                reset_vec                      000000  000003  000003         0       0  CODE        2
                cstackCOMMON                   000070  00000B  00007B        70       1  COMMON      1
                idataCOMMON                    000681  000001  000682       D02       0  CODE        2
                text3                          000682  000006  000688       D04       0  CODE        2
                text2                          000688  00000C  000694       D10       0  CODE        2
                text1                          000694  00002A  0006BE       D28       0  CODE        2
                maintext                       0006BE  000138  0007F6       D7C       0  CODE        2
                cinit                          0007F6  00000A  000800       FEC       0  CODE        2


UNUSED ADDRESS RANGES

        Name                Unused          Largest block    Delta
        BANK0            0020-006F             50           1
        BANK1            00A0-00EF             50           1
        BANK2            0110-016F             60           1
        BANK3            0190-01EF             60           1
        CODE             0003-0680            67E           2
                         0800-1FFF            800
        COMMON           007B-007D              3           1
        CONST            0003-0680            100           2
                         0800-1FFF            100
        EEDATA           2100-21FF            100           2
        ENTRY            0003-0680            100           2
                         0800-1FFF            100
        IDLOC            2000-2003              4           2
        RAM              0020-006F             50           1
                         00A0-00EF             50
                         0110-016F             60
                         0190-01EF             60
        SFR0             0000-001F             20           1
        SFR1             0080-009F             20           1
        SFR2             0100-010F             10           1
        SFR3             0180-018F             10           1
        STRCODE          0003-0680            67E           2
                         0800-1FFF           1800
        STRING           0003-0680            100           2
                         0800-1FFF            100

                                  Symbol Table

_PORTB                       (abs)        0006
_PORTD                       (abs)        0008
_TRISB                       (abs)        0086
_TRISD                       (abs)        0088
__Habs1                      abs1         0000
__Hbank0                     bank0        0000
__Hbank1                     bank1        0000
__Hbank2                     bank2        0000
__Hbank3                     bank3        0000
__Hcinit                     cinit        0800
__Hclrtext                   clrtext      0000
__Hcode                      code         0000
__Hcommon                    common       0000
__Hconfig                    config       2008
__HcstackCOMMON              cstackCOMMON 0000
__HdataCOMMON                dataCOMMON   0000
__Heeprom_data               eeprom_data  0000
__Hend_init                  end_init     0003
__Hfunctab                   functab      0000
__HidataCOMMON               idataCOMMON  0000
__Hinit                      init         0000
__Hintentry                  intentry     0000
__Hmaintext                  maintext     0000
__Hpowerup                   powerup      0000
__Hram                       ram          0000
__Hreset_vec                 reset_vec    0000
__Hsfr0                      sfr0         0000
__Hsfr1                      sfr1         0000
__Hsfr2                      sfr2         0000
__Hsfr3                      sfr3         0000
__Hspace_0                   (abs)        0800
__Hspace_1                   (abs)        007B
__Hspace_2                   (abs)        0000
__Hspace_3                   (abs)        0000
__Hspace_4                   (abs)        400F
__Hstack                     stack        0000
__Hstrings                   strings      0000
__Htext                      text         0000
__Labs1                      abs1         0000
__Lbank0                     bank0        0000
__Lbank1                     bank1        0000
__Lbank2                     bank2        0000
__Lbank3                     bank3        0000
__Lcinit                     cinit        07F6
__Lclrtext                   clrtext      0000
__Lcode                      code         0000
__Lcommon                    common       0000
__Lconfig                    config       0000
__LcstackCOMMON              cstackCOMMON 0000
__LdataCOMMON                dataCOMMON   0000
__Leeprom_data               eeprom_data  0000
__Lend_init                  end_init     0000
__Lfunctab                   functab      0000
__LidataCOMMON               idataCOMMON  0000
__Linit                      init         0000
__Lintentry                  intentry     0000
__Lmaintext                  maintext     0000
__Lpowerup                   powerup      0000
__Lram                       ram          0000
__Lreset_vec                 reset_vec    0000
__Lsfr0                      sfr0         0000
__Lsfr1                      sfr1         0000
__Lsfr2                      sfr2         0000
__Lsfr3                      sfr3         0000
__Lspace_0                   (abs)        0000
__Lspace_1                   (abs)        0000
__Lspace_2                   (abs)        0000
__Lspace_3                   (abs)        0000
__Lspace_4                   (abs)        0000
__Lstack                     stack        0000
__Lstrings                   strings      0000
__Ltext                      text         0000
__S0                         (abs)        0800
__S1                         (abs)        007B
__S3                         (abs)        0000
___int_sp                    stack        0000
___latbits                   (abs)        0002
___sp                        stack        0000
___stackhi                   (abs)        0000
___stacklo                   (abs)        0000
__end_of__initialization     cinit        07FC
__end_of_init_config         text2        0694
__end_of_init_digital_keypad text3        0688
__end_of_main                maintext     07F6
__end_of_read_digital_keypad text1        06BE
__initialization             cinit        07F6
__pcstackCOMMON              cstackCOMMON 0070
__pdataCOMMON                dataCOMMON   007A
__pidataCOMMON               idataCOMMON  0681
__pmaintext                  maintext     06BE
__ptext1                     text1        0694
__ptext2                     text2        0688
__ptext3                     text3        0682
_init_config                 text2        0688
_init_digital_keypad         text3        0682
_main                        maintext     06BE
_read_digital_keypad         text1        0694
btemp                        (abs)        007E
end_of_initialization        cinit        07FC
intlevel0                    functab      0000
intlevel1                    functab      0000
intlevel2                    functab      0000
intlevel3                    functab      0000
intlevel4                    functab      0000
intlevel5                    functab      0000
main@flag                    cstackCOMMON 0078
main@i                       cstackCOMMON 0079
main@key                     cstackCOMMON 0077
main@wait                    cstackCOMMON 0073
read_digital_keypad@mode     cstackCOMMON 0071
read_digital_keypad@once     dataCOMMON   007A
reset_vec                    reset_vec    0000
start                        init         0000
start_initialization         cinit        07F6
wtemp0                       (abs)        007E


MODULE INFORMATION

Module		Function		Class		Link	Load	Size
digital_keypad.c
		_init_digital_keypad		CODE           	0682	0000	6
		_read_digital_keypad		CODE           	0694	0000	42

digital_keypad.c estimated size: 48

shared
		__initialization		CODE           	07F6	0000	6

shared estimated size: 6

main.c
		_main          		CODE           	06BE	0000	312
		_init_config   		CODE           	0688	0000	12

main.c estimated size: 324

